
==========================================================================
global place check_setup
--------------------------------------------------------------------------
0

==========================================================================
global place report_tns
--------------------------------------------------------------------------
tns 0.00

==========================================================================
global place report_wns
--------------------------------------------------------------------------
wns 0.00

==========================================================================
global place report_worst_slack
--------------------------------------------------------------------------
worst slack 7.13

==========================================================================
global place report_checks -path_delay min
--------------------------------------------------------------------------
Startpoint: simon1.score1.active_digit$_SDFF_PP0_
            (rising edge-triggered flip-flop clocked by core_clock)
Endpoint: simon1.score1.active_digit$_SDFF_PP0_
          (rising edge-triggered flip-flop clocked by core_clock)
Path Group: core_clock
Path Type: min

Fanout     Cap    Slew   Delay    Time   Description
-----------------------------------------------------------------------------
                  0.00    0.00    0.00   clock core_clock (rise edge)
                          0.00    0.00   clock network delay (ideal)
                  0.00    0.00    0.00 ^ simon1.score1.active_digit$_SDFF_PP0_/CLK (sg13g2_dfrbp_1)
     1    0.00    0.04    0.14    0.14 v simon1.score1.active_digit$_SDFF_PP0_/Q_N (sg13g2_dfrbp_1)
                                         _0016_ (net)
                  0.04    0.00    0.14 v _2211_/A (sg13g2_inv_1)
     1    0.00    0.02    0.03    0.18 ^ _2211_/Y (sg13g2_inv_1)
                                         _0997_ (net)
                  0.02    0.00    0.18 ^ _2214_/A (sg13g2_nor2_1)
     1    0.00    0.02    0.03    0.20 v _2214_/Y (sg13g2_nor2_1)
                                         _0081_ (net)
                  0.02    0.00    0.20 v simon1.score1.active_digit$_SDFF_PP0_/D (sg13g2_dfrbp_1)
                                  0.20   data arrival time

                  0.00    0.00    0.00   clock core_clock (rise edge)
                          0.00    0.00   clock network delay (ideal)
                          0.00    0.00   clock reconvergence pessimism
                                  0.00 ^ simon1.score1.active_digit$_SDFF_PP0_/CLK (sg13g2_dfrbp_1)
                         -0.02   -0.02   library hold time
                                 -0.02   data required time
-----------------------------------------------------------------------------
                                 -0.02   data required time
                                 -0.20   data arrival time
-----------------------------------------------------------------------------
                                  0.23   slack (MET)



==========================================================================
global place report_checks -path_delay max
--------------------------------------------------------------------------
Startpoint: ui_in[0] (input port clocked by core_clock)
Endpoint: simon1.seq[2][0]$_DFFE_PP_
          (rising edge-triggered flip-flop clocked by core_clock)
Path Group: core_clock
Path Type: max

Fanout     Cap    Slew   Delay    Time   Description
-----------------------------------------------------------------------------
                  0.00    0.00    0.00   clock core_clock (rise edge)
                          0.00    0.00   clock network delay (ideal)
                          2.08    2.08 ^ input external delay
     4    0.01    0.00    0.00    2.08 ^ ui_in[0] (in)
                                         ui_in[0] (net)
                  0.00    0.00    2.08 ^ _1783_/A (sg13g2_nor2_1)
     3    0.01    0.03    0.03    2.11 v _1783_/Y (sg13g2_nor2_1)
                                         _0656_ (net)
                  0.03    0.00    2.11 v _1784_/B (sg13g2_nand2_1)
     8    0.03    0.12    0.11    2.22 ^ _1784_/Y (sg13g2_nand2_1)
                                         _0657_ (net)
                  0.12    0.00    2.22 ^ _2025_/D (sg13g2_nand4_1)
     1    0.01    0.10    0.15    2.37 v _2025_/Y (sg13g2_nand4_1)
                                         _0880_ (net)
                  0.10    0.00    2.37 v _2026_/B (sg13g2_nor2_2)
     8    0.03    0.12    0.14    2.51 ^ _2026_/Y (sg13g2_nor2_2)
                                         _0881_ (net)
                  0.12    0.00    2.51 ^ _2051_/B (sg13g2_and2_1)
     4    0.01    0.06    0.14    2.65 ^ _2051_/X (sg13g2_and2_1)
                                         _0904_ (net)
                  0.06    0.00    2.65 ^ _2052_/B_N (sg13g2_nor2b_1)
     5    0.02    0.17    0.18    2.83 ^ _2052_/Y (sg13g2_nor2b_1)
                                         _0905_ (net)
                  0.17    0.00    2.83 ^ _2073_/B (sg13g2_and2_1)
     2    0.01    0.06    0.15    2.98 ^ _2073_/X (sg13g2_and2_1)
                                         _0921_ (net)
                  0.06    0.00    2.98 ^ _2074_/S (sg13g2_mux2_1)
     1    0.00    0.04    0.16    3.14 v _2074_/X (sg13g2_mux2_1)
                                         _0045_ (net)
                  0.04    0.00    3.14 v simon1.seq[2][0]$_DFFE_PP_/D (sg13g2_dfrbp_1)
                                  3.14   data arrival time

                  0.00   10.40   10.40   clock core_clock (rise edge)
                          0.00   10.40   clock network delay (ideal)
                          0.00   10.40   clock reconvergence pessimism
                                 10.40 ^ simon1.seq[2][0]$_DFFE_PP_/CLK (sg13g2_dfrbp_1)
                         -0.13   10.27   library setup time
                                 10.27   data required time
-----------------------------------------------------------------------------
                                 10.27   data required time
                                 -3.14   data arrival time
-----------------------------------------------------------------------------
                                  7.13   slack (MET)



==========================================================================
global place report_checks -unconstrained
--------------------------------------------------------------------------
Startpoint: ui_in[0] (input port clocked by core_clock)
Endpoint: simon1.seq[2][0]$_DFFE_PP_
          (rising edge-triggered flip-flop clocked by core_clock)
Path Group: core_clock
Path Type: max

Fanout     Cap    Slew   Delay    Time   Description
-----------------------------------------------------------------------------
                  0.00    0.00    0.00   clock core_clock (rise edge)
                          0.00    0.00   clock network delay (ideal)
                          2.08    2.08 ^ input external delay
     4    0.01    0.00    0.00    2.08 ^ ui_in[0] (in)
                                         ui_in[0] (net)
                  0.00    0.00    2.08 ^ _1783_/A (sg13g2_nor2_1)
     3    0.01    0.03    0.03    2.11 v _1783_/Y (sg13g2_nor2_1)
                                         _0656_ (net)
                  0.03    0.00    2.11 v _1784_/B (sg13g2_nand2_1)
     8    0.03    0.12    0.11    2.22 ^ _1784_/Y (sg13g2_nand2_1)
                                         _0657_ (net)
                  0.12    0.00    2.22 ^ _2025_/D (sg13g2_nand4_1)
     1    0.01    0.10    0.15    2.37 v _2025_/Y (sg13g2_nand4_1)
                                         _0880_ (net)
                  0.10    0.00    2.37 v _2026_/B (sg13g2_nor2_2)
     8    0.03    0.12    0.14    2.51 ^ _2026_/Y (sg13g2_nor2_2)
                                         _0881_ (net)
                  0.12    0.00    2.51 ^ _2051_/B (sg13g2_and2_1)
     4    0.01    0.06    0.14    2.65 ^ _2051_/X (sg13g2_and2_1)
                                         _0904_ (net)
                  0.06    0.00    2.65 ^ _2052_/B_N (sg13g2_nor2b_1)
     5    0.02    0.17    0.18    2.83 ^ _2052_/Y (sg13g2_nor2b_1)
                                         _0905_ (net)
                  0.17    0.00    2.83 ^ _2073_/B (sg13g2_and2_1)
     2    0.01    0.06    0.15    2.98 ^ _2073_/X (sg13g2_and2_1)
                                         _0921_ (net)
                  0.06    0.00    2.98 ^ _2074_/S (sg13g2_mux2_1)
     1    0.00    0.04    0.16    3.14 v _2074_/X (sg13g2_mux2_1)
                                         _0045_ (net)
                  0.04    0.00    3.14 v simon1.seq[2][0]$_DFFE_PP_/D (sg13g2_dfrbp_1)
                                  3.14   data arrival time

                  0.00   10.40   10.40   clock core_clock (rise edge)
                          0.00   10.40   clock network delay (ideal)
                          0.00   10.40   clock reconvergence pessimism
                                 10.40 ^ simon1.seq[2][0]$_DFFE_PP_/CLK (sg13g2_dfrbp_1)
                         -0.13   10.27   library setup time
                                 10.27   data required time
-----------------------------------------------------------------------------
                                 10.27   data required time
                                 -3.14   data arrival time
-----------------------------------------------------------------------------
                                  7.13   slack (MET)



==========================================================================
global place report_power
--------------------------------------------------------------------------
Group                  Internal  Switching    Leakage      Total
                          Power      Power      Power      Power (Watts)
----------------------------------------------------------------
Sequential             1.17e-03   4.10e-05   8.84e-08   1.21e-03  74.7%
Combinational          2.31e-04   1.80e-04   1.26e-07   4.11e-04  25.3%
Clock                  0.00e+00   0.00e+00   0.00e+00   0.00e+00   0.0%
Macro                  0.00e+00   0.00e+00   0.00e+00   0.00e+00   0.0%
Pad                    0.00e+00   0.00e+00   0.00e+00   0.00e+00   0.0%
----------------------------------------------------------------
Total                  1.40e-03   2.21e-04   2.15e-07   1.63e-03 100.0%
                          86.4%      13.6%       0.0%
